// Jest Snapshot v1, https://goo.gl/fbAQLP

exports[`Header matches snapshot 1`] = `
<header
  className="MuiPaper-root MuiAppBar-root MuiAppBar-positionStatic MuiAppBar-colorPrimary makeStyles-Appbar-4 MuiPaper-elevation4"
>
  <div
    className="MuiToolbar-root MuiToolbar-regular MuiToolbar-gutters"
  >
    <h6
      className="MuiTypography-root makeStyles-title-3 MuiTypography-h6"
    >
      Ezcalate
    </h6>
    <div>
      <button
        aria-controls="menu-appbar"
        aria-haspopup="true"
        aria-label="account of current user"
        className="MuiButtonBase-root MuiIconButton-root MuiIconButton-colorInherit"
        disabled={false}
        onBlur={[Function]}
        onDragLeave={[Function]}
        onFocus={[Function]}
        onKeyDown={[Function]}
        onKeyUp={[Function]}
        onMouseDown={[Function]}
        onMouseLeave={[Function]}
        onMouseUp={[Function]}
        onTouchEnd={[Function]}
        onTouchMove={[Function]}
        onTouchStart={[Function]}
        tabIndex={0}
        type="button"
      >
        <span
          className="MuiIconButton-label"
        >
          <svg
            aria-hidden={true}
            className="MuiSvgIcon-root"
            focusable="false"
            viewBox="0 0 24 24"
          >
            <path
              d="M12 2C6.48 2 2 6.48 2 12s4.48 10 10 10 10-4.48 10-10S17.52 2 12 2zm0 3c1.66 0 3 1.34 3 3s-1.34 3-3 3-3-1.34-3-3 1.34-3 3-3zm0 14.2c-2.5 0-4.71-1.28-6-3.22.03-1.99 4-3.08 6-3.08 1.99 0 5.97 1.09 6 3.08-1.29 1.94-3.5 3.22-6 3.22z"
            />
          </svg>
        </span>
      </button>
    </div>
  </div>
</header>
`;
